<html>
<body>
<pre>
<h1>µVision Build Log</h1>
<h2>Project:</h2>
C:\Users\student\Documents\git\test.uvproj
Project File Date:  05/21/2025

<h2>Output:</h2>
Rebuild target 'Target 1'
assembling Startup.s...
compiling main.c...
linking...
.\test.axf: Error: L6218E: Undefined symbol main (referred from rtentry2.o).
".\test.axf" - 1 Errors, 0 Warning(s).
Target not created
Rebuild target 'Target 1'
assembling Startup.s...
compiling main.c...
linking...
Program Size: Code=420 RO-data=16 RW-data=0 ZI-data=1256  
".\test.axf" - 0 Errors, 0 Warning(s).
