<html>
<body>
<pre>
<h1>µVision Build Log</h1>
<h2>Project:</h2>
C:\Users\Administrator\Desktop\PPSW\INTERRUPTS\INTERRUPTS.uvproj
Project File Date:  06/07/2025

<h2>Output:</h2>
Rebuild target 'Target 1'
assembling Startup.s...
compiling main.c...
compiling keyboard.c...
compiling led.c...
compiling timer.c...
linking...
.\INTERRUPTS.axf: Error: L6218E: Undefined symbol main (referred from rtentry2.o).
".\INTERRUPTS.axf" - 1 Errors, 0 Warning(s).
Target not created
Rebuild target 'Target 1'
assembling Startup.s...
compiling main.c...
compiling keyboard.c...
compiling led.c...
compiling timer.c...
compiling timer_interrupts.c...
linking...
.\INTERRUPTS.axf: Error: L6218E: Undefined symbol main (referred from rtentry2.o).
".\INTERRUPTS.axf" - 1 Errors, 0 Warning(s).
Target not created
Rebuild target 'Target 1'
assembling Startup.s...
compiling main.c...
compiling keyboard.c...
compiling led.c...
compiling timer.c...
compiling timer_interrupts.c...
timer_interrupts.h(1): warning:  #1295-D: Deprecated declaration Timer0IRQHANDLER - give arg types
linking...
Program Size: Code=420 RO-data=16 RW-data=0 ZI-data=1256  
".\INTERRUPTS.axf" - 0 Errors, 1 Warning(s).
Rebuild target 'Target 1'
assembling Startup.s...
compiling main.c...
timer_interrupts.h(1): warning:  #1295-D: Deprecated declaration Timer0IRQHANDLER - give arg types
compiling keyboard.c...
compiling led.c...
compiling timer.c...
compiling timer_interrupts.c...
timer_interrupts.h(1): warning:  #1295-D: Deprecated declaration Timer0IRQHANDLER - give arg types
linking...
Program Size: Code=420 RO-data=16 RW-data=0 ZI-data=1256  
".\INTERRUPTS.axf" - 0 Errors, 2 Warning(s).
Rebuild target 'Target 1'
assembling Startup.s...
compiling main.c...
compiling keyboard.c...
compiling led.c...
compiling timer.c...
compiling timer_interrupts.c...
linking...
Program Size: Code=420 RO-data=16 RW-data=0 ZI-data=1256  
".\INTERRUPTS.axf" - 0 Errors, 0 Warning(s).
Rebuild target 'Target 1'
assembling Startup.s...
compiling main.c...
compiling keyboard.c...
compiling led.c...
compiling timer.c...
compiling timer_interrupts.c...
linking...
Program Size: Code=420 RO-data=16 RW-data=0 ZI-data=1256  
".\INTERRUPTS.axf" - 0 Errors, 0 Warning(s).
Rebuild target 'Target 1'
assembling Startup.s...
compiling main.c...
compiling keyboard.c...
compiling led.c...
compiling timer.c...
compiling timer_interrupts.c...
linking...
Program Size: Code=1076 RO-data=32 RW-data=4 ZI-data=1260  
".\INTERRUPTS.axf" - 0 Errors, 0 Warning(s).
Rebuild target 'Target 1'
assembling Startup.s...
compiling main.c...
compiling keyboard.c...
compiling led.c...
compiling timer.c...
compiling timer_interrupts.c...
linking...
Program Size: Code=1312 RO-data=32 RW-data=8 ZI-data=1256  
".\INTERRUPTS.axf" - 0 Errors, 0 Warning(s).
