<html>
<body>
<pre>
<h1>µVision Build Log</h1>
<h2>Project:</h2>
C:\Users\student\Documents\servo\SERVO.uvproj
Project File Date:  06/11/2025

<h2>Output:</h2>
Rebuild target 'Target 1'
assembling Startup.s...
compiling timer.c...
compiling servo.c...
compiling main.c...
compiling led.c...
compiling keyboard.c...
compiling timer_interrupts.c...
linking...
Program Size: Code=2356 RO-data=32 RW-data=8 ZI-data=1272  
FromELF: creating hex file...
".\SERVO.axf" - 0 Errors, 0 Warning(s).
Rebuild target 'Target 1'
assembling Startup.s...
compiling timer.c...
compiling servo.c...
compiling main.c...
compiling led.c...
compiling keyboard.c...
compiling timer_interrupts.c...
linking...
Program Size: Code=2356 RO-data=32 RW-data=8 ZI-data=1272  
FromELF: creating hex file...
".\SERVO.axf" - 0 Errors, 0 Warning(s).
Rebuild target 'Target 1'
assembling Startup.s...
compiling timer.c...
compiling servo.c...
compiling main.c...
compiling led.c...
compiling keyboard.c...
compiling timer_interrupts.c...
linking...
Program Size: Code=2356 RO-data=32 RW-data=8 ZI-data=1272  
FromELF: creating hex file...
".\SERVO.axf" - 0 Errors, 0 Warning(s).
Rebuild target 'Target 1'
assembling Startup.s...
compiling timer.c...
compiling servo.c...
compiling main.c...
compiling led.c...
compiling keyboard.c...
compiling timer_interrupts.c...
linking...
Program Size: Code=2356 RO-data=32 RW-data=8 ZI-data=1272  
FromELF: creating hex file...
".\SERVO.axf" - 0 Errors, 0 Warning(s).
Build target 'Target 1'
compiling timer.c...
compiling servo.c...
compiling main.c...
compiling led.c...
compiling keyboard.c...
compiling timer_interrupts.c...
linking...
Program Size: Code=2452 RO-data=32 RW-data=8 ZI-data=1272  
FromELF: creating hex file...
".\SERVO.axf" - 0 Errors, 0 Warning(s).
Rebuild target 'Target 1'
assembling Startup.s...
compiling timer.c...
compiling servo.c...
compiling main.c...
compiling led.c...
compiling keyboard.c...
compiling timer_interrupts.c...
linking...
Program Size: Code=2452 RO-data=32 RW-data=8 ZI-data=1272  
FromELF: creating hex file...
".\SERVO.axf" - 0 Errors, 0 Warning(s).
Rebuild target 'Target 1'
assembling Startup.s...
compiling timer.c...
compiling servo.c...
compiling main.c...
compiling led.c...
compiling keyboard.c...
compiling timer_interrupts.c...
linking...
Program Size: Code=2452 RO-data=32 RW-data=8 ZI-data=1272  
FromELF: creating hex file...
".\SERVO.axf" - 0 Errors, 0 Warning(s).
Rebuild target 'Target 1'
assembling Startup.s...
compiling timer.c...
compiling servo.c...
compiling main.c...
main.c(35): error: At end of source:  #67: expected a "}"
compiling led.c...
compiling keyboard.c...
compiling timer_interrupts.c...
".\SERVO.axf" - 1 Errors, 0 Warning(s).
Target not created
Rebuild target 'Target 1'
assembling Startup.s...
compiling timer.c...
compiling servo.c...
compiling main.c...
main.c(33): error: At end of source:  #67: expected a "}"
compiling led.c...
compiling keyboard.c...
compiling timer_interrupts.c...
".\SERVO.axf" - 1 Errors, 0 Warning(s).
Target not created
Rebuild target 'Target 1'
assembling Startup.s...
compiling timer.c...
compiling servo.c...
compiling main.c...
compiling led.c...
compiling keyboard.c...
compiling timer_interrupts.c...
linking...
Program Size: Code=2492 RO-data=32 RW-data=8 ZI-data=1272  
FromELF: creating hex file...
".\SERVO.axf" - 0 Errors, 0 Warning(s).
Rebuild target 'Target 1'
assembling Startup.s...
compiling timer.c...
compiling servo.c...
compiling main.c...
compiling led.c...
compiling keyboard.c...
compiling timer_interrupts.c...
linking...
Program Size: Code=2524 RO-data=32 RW-data=8 ZI-data=1272  
FromELF: creating hex file...
".\SERVO.axf" - 0 Errors, 0 Warning(s).
Rebuild target 'Target 1'
assembling Startup.s...
compiling timer.c...
compiling servo.c...
compiling main.c...
compiling led.c...
compiling keyboard.c...
compiling timer_interrupts.c...
linking...
Program Size: Code=2524 RO-data=32 RW-data=8 ZI-data=1272  
FromELF: creating hex file...
".\SERVO.axf" - 0 Errors, 0 Warning(s).
Rebuild target 'Target 1'
assembling Startup.s...
compiling timer.c...
compiling servo.c...
compiling main.c...
compiling led.c...
compiling keyboard.c...
compiling timer_interrupts.c...
linking...
Program Size: Code=2524 RO-data=32 RW-data=8 ZI-data=1272  
FromELF: creating hex file...
".\SERVO.axf" - 0 Errors, 0 Warning(s).
Rebuild target 'Target 1'
assembling Startup.s...
compiling timer.c...
compiling servo.c...
compiling main.c...
compiling led.c...
compiling keyboard.c...
compiling timer_interrupts.c...
linking...
Program Size: Code=2536 RO-data=32 RW-data=8 ZI-data=1272  
FromELF: creating hex file...
".\SERVO.axf" - 0 Errors, 0 Warning(s).
Rebuild target 'Target 1'
assembling Startup.s...
compiling timer.c...
compiling servo.c...
compiling main.c...
compiling led.c...
compiling keyboard.c...
compiling timer_interrupts.c...
linking...
Program Size: Code=2536 RO-data=32 RW-data=8 ZI-data=1272  
FromELF: creating hex file...
".\SERVO.axf" - 0 Errors, 0 Warning(s).
