<html>
<body>
<pre>
<h1>µVision Build Log</h1>
<h2>Project:</h2>
C:\Users\Administrator\Desktop\PPSW\TIMERY ZALICZENIE\TIMERY ZALICZNIE.uvproj
Project File Date:  05/20/2025

<h2>Output:</h2>
Rebuild target 'Target 1'
assembling Startup.s...
compiling keyboard.c...
compiling led.c...
compiling timer.c...
compiling main.c...
linking...
.\TIMERY ZALICZNIE.axf: Error: L6218E: Undefined symbol main (referred from rtentry2.o).
".\TIMERY ZALICZNIE.axf" - 1 Errors, 0 Warning(s).
Target not created
Rebuild target 'Target 1'
assembling Startup.s...
compiling keyboard.c...
compiling led.c...
compiling timer.c...
compiling main.c...
main.c(72): warning:  #223-D: function "LedOn" declared implicitly
linking...
Program Size: Code=1364 RO-data=32 RW-data=4 ZI-data=1260  
".\TIMERY ZALICZNIE.axf" - 0 Errors, 1 Warning(s).
Rebuild target 'Target 1'
assembling Startup.s...
compiling keyboard.c...
compiling led.c...
compiling timer.c...
compiling main.c...
linking...
Program Size: Code=1364 RO-data=32 RW-data=4 ZI-data=1260  
".\TIMERY ZALICZNIE.axf" - 0 Errors, 0 Warning(s).
Rebuild target 'Target 1'
assembling Startup.s...
compiling keyboard.c...
compiling led.c...
compiling timer.c...
compiling main.c...
linking...
Program Size: Code=1364 RO-data=32 RW-data=4 ZI-data=1260  
".\TIMERY ZALICZNIE.axf" - 0 Errors, 0 Warning(s).
Rebuild target 'Target 1'
assembling Startup.s...
compiling keyboard.c...
compiling led.c...
compiling timer.c...
compiling main.c...
linking...
Program Size: Code=1364 RO-data=32 RW-data=4 ZI-data=1260  
".\TIMERY ZALICZNIE.axf" - 0 Errors, 0 Warning(s).
Rebuild target 'Target 1'
assembling Startup.s...
compiling keyboard.c...
compiling led.c...
compiling timer.c...
compiling main.c...
linking...
Program Size: Code=1364 RO-data=32 RW-data=4 ZI-data=1260  
".\TIMERY ZALICZNIE.axf" - 0 Errors, 0 Warning(s).
Rebuild target 'Target 1'
assembling Startup.s...
compiling keyboard.c...
compiling led.c...
compiling timer.c...
compiling main.c...
linking...
Program Size: Code=1364 RO-data=32 RW-data=4 ZI-data=1260  
".\TIMERY ZALICZNIE.axf" - 0 Errors, 0 Warning(s).
Rebuild target 'Target 1'
assembling Startup.s...
compiling keyboard.c...
compiling led.c...
compiling timer.c...
compiling main.c...
linking...
Program Size: Code=1364 RO-data=32 RW-data=4 ZI-data=1260  
".\TIMERY ZALICZNIE.axf" - 0 Errors, 0 Warning(s).
Rebuild target 'Target 1'
assembling Startup.s...
compiling keyboard.c...
compiling led.c...
compiling timer.c...
compiling main.c...
linking...
Program Size: Code=1364 RO-data=32 RW-data=4 ZI-data=1260  
".\TIMERY ZALICZNIE.axf" - 0 Errors, 0 Warning(s).
Rebuild target 'Target 1'
assembling Startup.s...
compiling keyboard.c...
compiling led.c...
compiling timer.c...
compiling main.c...
linking...
Program Size: Code=1364 RO-data=32 RW-data=4 ZI-data=1260  
".\TIMERY ZALICZNIE.axf" - 0 Errors, 0 Warning(s).
