<html>
<body>
<pre>
<h1>�Vision Build Log</h1>
<h2>Project:</h2>
C:\Users\Administrator\PPSW\PRZERW\INTERRUPTS.uvproj
Project File Date:  06/07/2025

<h2>Output:</h2>
Rebuild target 'Target 1'
assembling Startup.s...
compiling main.c...
compiling led.c...
led.c: Error:  #5: cannot open source input file "..\..\Desktop\PPSW\MODU£Y\MODU£Y\led.c": No such file or directory
".\INTERRUPTS.axf" - 1 Errors, 0 Warning(s).
Target not created
Rebuild target 'Target 1'
assembling Startup.s...
compiling main.c...
main.c(46): error:  #165: too few arguments in function call
".\INTERRUPTS.axf" - 1 Errors, 0 Warning(s).
Target not created
Rebuild target 'Target 1'
assembling Startup.s...
compiling main.c...
main.c(46): error:  #165: too few arguments in function call
".\INTERRUPTS.axf" - 1 Errors, 0 Warning(s).
Target not created
Rebuild target 'Target 1'
assembling Startup.s...
compiling main.c...
main.c(47): error:  #167: argument of type "void (**)(void)" is incompatible with parameter of type "void (*)(void)"
".\INTERRUPTS.axf" - 1 Errors, 0 Warning(s).
Target not created
Rebuild target 'Target 1'
assembling Startup.s...
compiling main.c...
linking...
Program Size: Code=660 RO-data=32 RW-data=4 ZI-data=1260  
".\INTERRUPTS.axf" - 0 Errors, 0 Warning(s).
