<html>
<body>
<pre>
<h1>µVision Build Log</h1>
<h2>Project:</h2>
C:\Users\Administrator\Desktop\PPSW\testowy\test.uvproj
Project File Date:  06/11/2025

<h2>Output:</h2>
Rebuild target 'Target 1'
assembling Startup.s...
compiling keyboard.c...
compiling led.c...
compiling timer_interrupt.c...
timer_interrupt.c(2): error:  #5: cannot open source input file "timer_interrupts.h": No such file or directory
compiling main.c...
timer_interrupt.h(1): warning:  #1295-D: Deprecated declaration Timer0IRQHandler - give arg types
main.c(28): error:  #127: expected a statement
main.c(34): error:  #268: declaration may not appear after executable statement in block
main.c(34): error:  #67: expected a "}"
main.c(43): warning:  #1-D: last line of file ends without a newline
".\test.axf" - 4 Errors, 2 Warning(s).
Target not created
Rebuild target 'Target 1'
assembling Startup.s...
compiling keyboard.c...
compiling led.c...
compiling timer_interrupt.c...
timer_interrupt.c(2): error:  #5: cannot open source input file "timer_interrupts.h": No such file or directory
compiling main.c...
main.c(28): error:  #127: expected a statement
main.c(34): error:  #268: declaration may not appear after executable statement in block
main.c(34): error:  #67: expected a "}"
main.c(43): warning:  #1-D: last line of file ends without a newline
".\test.axf" - 4 Errors, 1 Warning(s).
Target not created
Rebuild target 'Target 1'
assembling Startup.s...
compiling keyboard.c...
compiling led.c...
compiling timer_interrupt.c...
timer_interrupt.c(2): error:  #5: cannot open source input file "timer_interrupts.h": No such file or directory
compiling main.c...
main.c(49): warning:  #1-D: last line of file ends without a newline
".\test.axf" - 1 Errors, 1 Warning(s).
Target not created
Rebuild target 'Target 1'
assembling Startup.s...
compiling keyboard.c...
compiling led.c...
compiling timer_interrupt.c...
timer_interrupt.c(2): error:  #5: cannot open source input file "timer_interrupts.h": No such file or directory
compiling main.c...
".\test.axf" - 1 Errors, 0 Warning(s).
Target not created
Rebuild target 'Target 1'
assembling Startup.s...
compiling keyboard.c...
compiling led.c...
compiling timer_interrupt.c...
timer_interrupt.c(28): error:  #20: identifier "globalnejptrTimer0InterruptFunction" is undefined
timer_interrupt.c(29): error:  #134: expected a field name
timer_interrupt.c(31): error:  #20: identifier "Timer" is undefined
timer_interrupt.c(31): error:  #65: expected a ";"
timer_interrupt.c(38): warning:  #1-D: last line of file ends without a newline
compiling main.c...
".\test.axf" - 4 Errors, 1 Warning(s).
Target not created
Rebuild target 'Target 1'
assembling Startup.s...
compiling keyboard.c...
compiling led.c...
compiling timer_interrupt.c...
timer_interrupt.c(31): error:  #20: identifier "Timer" is undefined
timer_interrupt.c(31): error:  #65: expected a ";"
timer_interrupt.c(38): warning:  #1-D: last line of file ends without a newline
compiling main.c...
".\test.axf" - 2 Errors, 1 Warning(s).
Target not created
Rebuild target 'Target 1'
assembling Startup.s...
compiling keyboard.c...
compiling led.c...
compiling timer_interrupt.c...
timer_interrupt.c(38): warning:  #1-D: last line of file ends without a newline
compiling main.c...
linking...
Program Size: Code=1364 RO-data=32 RW-data=12 ZI-data=1260  
".\test.axf" - 0 Errors, 1 Warning(s).
Rebuild target 'Target 1'
assembling Startup.s...
compiling keyboard.c...
compiling led.c...
compiling timer_interrupt.c...
compiling main.c...
linking...
Program Size: Code=1364 RO-data=32 RW-data=12 ZI-data=1260  
".\test.axf" - 0 Errors, 0 Warning(s).
Rebuild target 'Target 1'
assembling Startup.s...
compiling keyboard.c...
compiling led.c...
compiling timer_interrupt.c...
compiling main.c...
linking...
Program Size: Code=1376 RO-data=32 RW-data=12 ZI-data=1260  
".\test.axf" - 0 Errors, 0 Warning(s).
