<html>
<body>
<pre>
<h1>µVision Build Log</h1>
<h2>Project:</h2>
C:\Users\Administrator\Desktop\PPSW\TIMERY\ZAD1\ZAD 1.uvproj
Project File Date:  05/13/2025

<h2>Output:</h2>
Rebuild target 'Target 1'
assembling Startup.s...
compiling main.c...
main.c(13): warning:  #1-D: last line of file ends without a newline
main.c(13): error: At end of source:  #65: expected a ";"
compiling timer.c...
".\ZAD 1.axf" - 1 Errors, 1 Warning(s).
Target not created
Rebuild target 'Target 1'
assembling Startup.s...
compiling main.c...
main.c(6): warning:  #1-D: last line of file ends without a newline
compiling timer.c...
linking...
.\ZAD 1.axf: Error: L6218E: Undefined symbol main (referred from rtentry2.o).
".\ZAD 1.axf" - 1 Errors, 1 Warning(s).
Target not created
Rebuild target 'Target 1'
assembling Startup.s...
compiling main.c...
main.c(4): error:  #65: expected a ";"
main.c(10): warning:  #1-D: last line of file ends without a newline
main.c(10): warning: At end of source:  #12-D: parsing restarts here after previous syntax error
compiling timer.c...
".\ZAD 1.axf" - 1 Errors, 2 Warning(s).
Target not created
Rebuild target 'Target 1'
assembling Startup.s...
compiling main.c...
main.c(5): warning:  #177-D: variable "x" was declared but never referenced
main.c(8): warning:  #1-D: last line of file ends without a newline
compiling timer.c...
linking...
Program Size: Code=424 RO-data=16 RW-data=0 ZI-data=1256  
".\ZAD 1.axf" - 0 Errors, 2 Warning(s).
Rebuild target 'Target 1'
assembling Startup.s...
compiling main.c...
main.c(5): warning:  #177-D: variable "x" was declared but never referenced
compiling timer.c...
linking...
Program Size: Code=424 RO-data=16 RW-data=0 ZI-data=1256  
".\ZAD 1.axf" - 0 Errors, 1 Warning(s).
Build target 'Target 1'
compiling main.c...
timer.h(1): warning:  #1295-D: Deprecated declaration InitTimer0 - give arg types
main.c(5): warning:  #177-D: variable "x" was declared but never referenced
compiling timer.c...
timer.h(1): warning:  #1295-D: Deprecated declaration InitTimer0 - give arg types
linking...
Program Size: Code=424 RO-data=16 RW-data=0 ZI-data=1256  
".\ZAD 1.axf" - 0 Errors, 3 Warning(s).
Rebuild target 'Target 1'
assembling Startup.s...
compiling main.c...
timer.h(1): warning:  #1295-D: Deprecated declaration InitTimer0 - give arg types
main.c(5): warning:  #177-D: variable "x" was declared but never referenced
compiling timer.c...
timer.h(1): warning:  #1295-D: Deprecated declaration InitTimer0 - give arg types
linking...
Program Size: Code=424 RO-data=16 RW-data=0 ZI-data=1256  
".\ZAD 1.axf" - 0 Errors, 3 Warning(s).
Rebuild target 'Target 1'
assembling Startup.s...
compiling main.c...
main.c(5): warning:  #177-D: variable "x" was declared but never referenced
compiling timer.c...
linking...
Program Size: Code=424 RO-data=16 RW-data=0 ZI-data=1256  
".\ZAD 1.axf" - 0 Errors, 1 Warning(s).
Rebuild target 'Target 1'
assembling Startup.s...
compiling main.c...
compiling timer.c...
linking...
Program Size: Code=520 RO-data=16 RW-data=0 ZI-data=1256  
".\ZAD 1.axf" - 0 Errors, 0 Warning(s).
