<html>
<body>
<pre>
<h1>µVision Build Log</h1>
<h2>Project:</h2>
C:\Users\Administrator\PPSW\TOKENY\TOKENYV3.uvproj
Project File Date:  05/22/2025

<h2>Output:</h2>
Rebuild target 'Target 1'
assembling Startup.s...
compiling main1.c...
biblio.h(72): warning:  #1-D: last line of file ends without a newline
linking...
Program Size: Code=1488 RO-data=52 RW-data=40 ZI-data=1280  
".\TOKENYV3.axf" - 0 Errors, 1 Warning(s).
Rebuild target 'Target 1'
assembling Startup.s...
compiling main1.c...
linking...
Program Size: Code=1488 RO-data=52 RW-data=40 ZI-data=1280  
".\TOKENYV3.axf" - 0 Errors, 0 Warning(s).
Rebuild target 'Target 1'
assembling Startup.s...
compiling main1.c...
linking...
Program Size: Code=1488 RO-data=52 RW-data=40 ZI-data=1280  
".\TOKENYV3.axf" - 0 Errors, 0 Warning(s).
Build target 'Target 1'
linking...
Program Size: Code=1488 RO-data=52 RW-data=40 ZI-data=1280  
".\TOKENYV3.axf" - 0 Errors, 0 Warning(s).
