<html>
<body>
<pre>
<h1>µVision Build Log</h1>
<h2>Project:</h2>
C:\Users\Administrator\Desktop\PPSW\UART\UART.uvproj
Project File Date:  06/18/2025

<h2>Output:</h2>
Rebuild target 'Target 1'
assembling Startup.s...
compiling keyboard.c...
keyboard.h(3): warning:  #1-D: last line of file ends without a newline
keyboard.c(26): warning:  #1-D: last line of file ends without a newline
compiling led.c...
led.h(5): warning:  #1-D: last line of file ends without a newline
led.c(53): warning:  #1-D: last line of file ends without a newline
compiling timer_interrupts.c...
timer_interrupts.h(1): warning:  #1-D: last line of file ends without a newline
timer_interrupts.c(33): warning:  #1-D: last line of file ends without a newline
compiling timer.c...
timer.h(4): warning:  #1-D: last line of file ends without a newline
timer.c(31): warning:  #1-D: last line of file ends without a newline
compiling main.c...
led.h(5): warning:  #1-D: last line of file ends without a newline
keyboard.h(3): warning:  #1-D: last line of file ends without a newline
timer_interrupts.h(1): warning:  #1-D: last line of file ends without a newline
timer.h(4): warning:  #1-D: last line of file ends without a newline
main.c(20): warning:  #1-D: last line of file ends without a newline
linking...
Program Size: Code=420 RO-data=16 RW-data=0 ZI-data=1256  
".\UART.axf" - 0 Errors, 13 Warning(s).
Rebuild target 'Target 1'
assembling Startup.s...
compiling keyboard.c...
compiling led.c...
compiling timer_interrupts.c...
compiling timer.c...
compiling main.c...
linking...
Program Size: Code=420 RO-data=16 RW-data=0 ZI-data=1256  
".\UART.axf" - 0 Errors, 0 Warning(s).
Rebuild target 'Target 1'
assembling Startup.s...
compiling keyboard.c...
compiling led.c...
compiling timer_interrupts.c...
compiling timer.c...
compiling main.c...
main.c(31): warning:  #1-D: last line of file ends without a newline
compiling servo.c...
linking...
Program Size: Code=2084 RO-data=32 RW-data=8 ZI-data=1272  
".\UART.axf" - 0 Errors, 1 Warning(s).
Rebuild target 'Target 1'
assembling Startup.s...
compiling keyboard.c...
compiling led.c...
compiling timer_interrupts.c...
compiling timer.c...
compiling main.c...
compiling servo.c...
linking...
Program Size: Code=2084 RO-data=32 RW-data=8 ZI-data=1272  
".\UART.axf" - 0 Errors, 0 Warning(s).
Rebuild target 'Target 1'
assembling Startup.s...
compiling keyboard.c...
compiling led.c...
compiling timer_interrupts.c...
compiling timer.c...
compiling main.c...
compiling servo.c...
linking...
Program Size: Code=2084 RO-data=32 RW-data=8 ZI-data=1272  
".\UART.axf" - 0 Errors, 0 Warning(s).
Rebuild target 'Target 1'
assembling Startup.s...
compiling keyboard.c...
compiling led.c...
compiling timer_interrupts.c...
compiling timer.c...
compiling main.c...
compiling servo.c...
compiling uart.c...
uart.c(51): error:  #29: expected an expression
".\UART.axf" - 1 Errors, 0 Warning(s).
Target not created
Rebuild target 'Target 1'
assembling Startup.s...
compiling keyboard.c...
compiling led.c...
compiling timer_interrupts.c...
compiling timer.c...
compiling main.c...
compiling servo.c...
compiling uart.c...
linking...
Program Size: Code=2084 RO-data=32 RW-data=8 ZI-data=1272  
".\UART.axf" - 0 Errors, 0 Warning(s).
Rebuild target 'Target 1'
assembling Startup.s...
compiling keyboard.c...
compiling led.c...
compiling timer_interrupts.c...
compiling timer.c...
compiling main.c...
compiling servo.c...
compiling uart.c...
linking...
Program Size: Code=2084 RO-data=32 RW-data=8 ZI-data=1272  
".\UART.axf" - 0 Errors, 0 Warning(s).
Rebuild target 'Target 1'
assembling Startup.s...
compiling keyboard.c...
compiling led.c...
compiling timer_interrupts.c...
compiling timer.c...
compiling main.c...
compiling servo.c...
compiling uart.c...
linking...
Program Size: Code=2308 RO-data=32 RW-data=12 ZI-data=1268  
".\UART.axf" - 0 Errors, 0 Warning(s).
Rebuild target 'Target 1'
assembling Startup.s...
compiling keyboard.c...
compiling led.c...
compiling timer_interrupts.c...
compiling timer.c...
compiling main.c...
compiling servo.c...
compiling uart.c...
linking...
Program Size: Code=2308 RO-data=32 RW-data=12 ZI-data=1268  
".\UART.axf" - 0 Errors, 0 Warning(s).
Rebuild target 'Target 1'
assembling Startup.s...
compiling keyboard.c...
compiling led.c...
compiling timer_interrupts.c...
compiling timer.c...
compiling main.c...
compiling servo.c...
compiling uart.c...
linking...
Program Size: Code=2356 RO-data=32 RW-data=12 ZI-data=1268  
".\UART.axf" - 0 Errors, 0 Warning(s).
Rebuild target 'Target 1'
assembling Startup.s...
compiling keyboard.c...
compiling led.c...
compiling timer_interrupts.c...
compiling timer.c...
compiling main.c...
compiling servo.c...
compiling uart.c...
linking...
Program Size: Code=2356 RO-data=32 RW-data=12 ZI-data=1268  
".\UART.axf" - 0 Errors, 0 Warning(s).
Rebuild target 'Target 1'
assembling Startup.s...
compiling keyboard.c...
compiling led.c...
compiling timer_interrupts.c...
compiling timer.c...
compiling main.c...
compiling servo.c...
compiling uart.c...
linking...
Program Size: Code=2352 RO-data=32 RW-data=12 ZI-data=1268  
".\UART.axf" - 0 Errors, 0 Warning(s).
Rebuild target 'Target 1'
assembling Startup.s...
compiling keyboard.c...
compiling led.c...
compiling timer_interrupts.c...
compiling timer.c...
compiling main.c...
main.c(25): error:  #29: expected an expression
compiling servo.c...
compiling uart.c...
".\UART.axf" - 1 Errors, 0 Warning(s).
Target not created
Rebuild target 'Target 1'
assembling Startup.s...
compiling keyboard.c...
compiling led.c...
compiling timer_interrupts.c...
compiling timer.c...
compiling main.c...
compiling servo.c...
compiling uart.c...
linking...
.\UART.axf: Error: L6218E: Undefined symbol uiCurrentPosition (referred from main.o).
".\UART.axf" - 1 Errors, 0 Warning(s).
Target not created
Rebuild target 'Target 1'
assembling Startup.s...
compiling keyboard.c...
compiling led.c...
compiling timer_interrupts.c...
compiling timer.c...
compiling main.c...
compiling servo.c...
compiling uart.c...
linking...
.\UART.axf: Error: L6218E: Undefined symbol uiCurrentPosition (referred from main.o).
".\UART.axf" - 1 Errors, 0 Warning(s).
Target not created
Build target 'Target 1'
compiling keyboard.c...
compiling led.c...
compiling timer_interrupts.c...
compiling timer.c...
compiling main.c...
compiling servo.c...
compiling uart.c...
linking...
.\UART.axf: Error: L6218E: Undefined symbol uiCurrentPosition (referred from main.o).
".\UART.axf" - 1 Errors, 0 Warning(s).
Target not created
Rebuild target 'Target 1'
assembling Startup.s...
compiling keyboard.c...
compiling led.c...
compiling timer_interrupts.c...
compiling timer.c...
compiling main.c...
compiling servo.c...
compiling uart.c...
linking...
.\UART.axf: Error: L6218E: Undefined symbol uiCurrentPosition (referred from main.o).
".\UART.axf" - 1 Errors, 0 Warning(s).
Target not created
Rebuild target 'Target 1'
assembling Startup.s...
compiling keyboard.c...
compiling led.c...
compiling timer_interrupts.c...
compiling timer.c...
compiling main.c...
compiling servo.c...
compiling uart.c...
linking...
Program Size: Code=2304 RO-data=32 RW-data=12 ZI-data=1268  
".\UART.axf" - 0 Errors, 0 Warning(s).
Rebuild target 'Target 1'
assembling Startup.s...
compiling keyboard.c...
compiling led.c...
compiling timer_interrupts.c...
compiling timer.c...
compiling main.c...
compiling servo.c...
compiling uart.c...
linking...
Program Size: Code=2304 RO-data=32 RW-data=12 ZI-data=1268  
".\UART.axf" - 0 Errors, 0 Warning(s).
