<html>
<body>
<pre>
<h1>µVision Build Log</h1>
<h2>Project:</h2>
C:\Users\Administrator\Desktop\PPSW\TOKENYV33\TOKENYV3.uvproj
Project File Date:  05/13/2025

<h2>Output:</h2>
Rebuild target 'Target 1'
assembling Startup.s...
linking...
.\TOKENYV3.axf: Warning: L6665W: Neither Lib$$Request$$armlib Lib$$Request$$cpplib defined, not searching ARM libraries.
.\TOKENYV3.axf: Error: L6411E: No compatible library exists with a definition of startup symbol __main.
".\TOKENYV3.axf" - 1 Errors, 1 Warning(s).
Target not created
Rebuild target 'Target 1'
assembling Startup.s...
linking...
.\TOKENYV3.axf: Warning: L6665W: Neither Lib$$Request$$armlib Lib$$Request$$cpplib defined, not searching ARM libraries.
.\TOKENYV3.axf: Error: L6411E: No compatible library exists with a definition of startup symbol __main.
".\TOKENYV3.axf" - 1 Errors, 1 Warning(s).
Target not created
Rebuild target 'Target 1'
assembling Startup.s...
compiling main.c...
main.c(3): error:  #40: expected an identifier
".\TOKENYV3.axf" - 1 Errors, 0 Warning(s).
Target not created
Rebuild target 'Target 1'
assembling Startup.s...
compiling main.c...
linking...
Program Size: Code=420 RO-data=16 RW-data=0 ZI-data=1256  
".\TOKENYV3.axf" - 0 Errors, 0 Warning(s).
Rebuild target 'Target 1'
assembling Startup.s...
compiling main.c...
linking...
Program Size: Code=424 RO-data=16 RW-data=0 ZI-data=1256  
".\TOKENYV3.axf" - 0 Errors, 0 Warning(s).
Rebuild target 'Target 1'
assembling Startup.s...
compiling main.c...
main.c(13): error:  #70: incomplete type is not allowed
".\TOKENYV3.axf" - 1 Errors, 0 Warning(s).
Target not created
Rebuild target 'Target 1'
assembling Startup.s...
compiling main.c...
main.c(13): error:  #70: incomplete type is not allowed
".\TOKENYV3.axf" - 1 Errors, 0 Warning(s).
Target not created
Rebuild target 'Target 1'
assembling Startup.s...
compiling main.c...
linking...
Program Size: Code=424 RO-data=16 RW-data=0 ZI-data=1256  
".\TOKENYV3.axf" - 0 Errors, 0 Warning(s).
Rebuild target 'Target 1'
assembling Startup.s...
compiling main.c...
linking...
Program Size: Code=424 RO-data=16 RW-data=0 ZI-data=1256  
".\TOKENYV3.axf" - 0 Errors, 0 Warning(s).
Rebuild target 'Target 1'
assembling Startup.s...
compiling main.c...
linking...
Program Size: Code=424 RO-data=16 RW-data=0 ZI-data=1256  
".\TOKENYV3.axf" - 0 Errors, 0 Warning(s).
Rebuild target 'Target 1'
assembling Startup.s...
compiling main.c...
linking...
Program Size: Code=424 RO-data=16 RW-data=0 ZI-data=1256  
".\TOKENYV3.axf" - 0 Errors, 0 Warning(s).
Rebuild target 'Target 1'
assembling Startup.s...
compiling main.c...
linking...
Program Size: Code=424 RO-data=16 RW-data=0 ZI-data=1256  
".\TOKENYV3.axf" - 0 Errors, 0 Warning(s).
Rebuild target 'Target 1'
assembling Startup.s...
compiling main.c...
main.c(13): error:  #147: declaration is incompatible with "char asKeywordList[4]" (declared at line 7)
main.c(13): error:  #65: expected a ";"
main.c(17): warning:  #12-D: parsing restarts here after previous syntax error
".\TOKENYV3.axf" - 2 Errors, 1 Warning(s).
Target not created
Rebuild target 'Target 1'
assembling Startup.s...
compiling main.c...
main.c(13): error:  #147: declaration is incompatible with "char asKeywordList[4]" (declared at line 7)
main.c(13): error:  #70: incomplete type is not allowed
".\TOKENYV3.axf" - 2 Errors, 0 Warning(s).
Target not created
Rebuild target 'Target 1'
assembling Startup.s...
compiling main.c...
main.c(13): error:  #147: declaration is incompatible with "char asKeywordList[3]" (declared at line 7)
main.c(13): error:  #70: incomplete type is not allowed
".\TOKENYV3.axf" - 2 Errors, 0 Warning(s).
Target not created
Rebuild target 'Target 1'
assembling Startup.s...
compiling main.c...
main.c(13): error:  #147: declaration is incompatible with "char asKeywordList[2]" (declared at line 7)
main.c(13): error:  #70: incomplete type is not allowed
".\TOKENYV3.axf" - 2 Errors, 0 Warning(s).
Target not created
Rebuild target 'Target 1'
assembling Startup.s...
compiling main.c...
main.c(11): error:  #70: incomplete type is not allowed
".\TOKENYV3.axf" - 1 Errors, 0 Warning(s).
Target not created
Rebuild target 'Target 1'
assembling Startup.s...
compiling main.c...
main.c(17): error:  #70: incomplete type is not allowed
".\TOKENYV3.axf" - 1 Errors, 0 Warning(s).
Target not created
Rebuild target 'Target 1'
assembling Startup.s...
compiling main.c...
main.c(11): error:  #20: identifier "MAX_KEYWORD_NUMBER" is undefined
".\TOKENYV3.axf" - 1 Errors, 0 Warning(s).
Target not created
Rebuild target 'Target 1'
assembling Startup.s...
compiling main.c...
main.c(11): error:  #20: identifier "MAX_KEYWORD_NUMBER" is undefined
".\TOKENYV3.axf" - 1 Errors, 0 Warning(s).
Target not created
Rebuild target 'Target 1'
assembling Startup.s...
compiling main.c...
main.c(11): error:  #70: incomplete type is not allowed
".\TOKENYV3.axf" - 1 Errors, 0 Warning(s).
Target not created
Rebuild target 'Target 1'
assembling Startup.s...
compiling main.c...
main.c(10): error:  #70: incomplete type is not allowed
".\TOKENYV3.axf" - 1 Errors, 0 Warning(s).
Target not created
Rebuild target 'Target 1'
assembling Startup.s...
compiling main.c...
linking...
Program Size: Code=424 RO-data=16 RW-data=0 ZI-data=1256  
".\TOKENYV3.axf" - 0 Errors, 0 Warning(s).
